// Jest Snapshot v1, https://goo.gl/fbAQLP

exports[`Audio Player renders correctly at start 1`] = `null`;
